#CHROM	POS	REF	DP	ref_depth_tier1
chr2_subset	114001	T	7	6
chr2_subset	114145	G	6	2
chr2_subset	114169	C	5	0
chr2_subset	114202	T	5	3
chr2_subset	114268	A	4	2
chr2_subset	114323	T	3	2
chr2_subset	114348	C	2	2
chr2_subset	114463	A	1	1
chr2_subset	114521	T	1	1
chr2_subset	114568	G	3	3
chr2_subset	114650	A	5	3
chr2_subset	114695	C	4	3
chr2_subset	114704	C	5	4
chr2_subset	114766	C	7	6
chr2_subset	114851	T	6	5
chr2_subset	114870	C	6	6
chr2_subset	114924	G	4	4
chr2_subset	114974	C	3	2
chr2_subset	114982	G	3	2
chr2_subset	115033	G	1	1
chr2_subset	115035	C	1	0
chr2_subset	115180	T	5	4
chr2_subset	115589	G	5	5
chr2_subset	115650	C	2	2
chr2_subset	115976	G	1	1
