#CHROM	POS	REF	5P_DISTS	3P_DISTS	STRANDS
chr2_subset	114001	T	147,131,126,79,72,66,58,30,4	3,18,22,71,78,84,92,118,146	-,+,+,-,+,-,+,+,+
chr2_subset	114145	G	148,101,22	2,49,128	+,+,-
chr2_subset	114169	C	150,108,46	0,42,104	-,-,-
chr2_subset	114202	T	141,78,77,18	9,72,73,132	-,-,-,-
chr2_subset	114268	A	144,143,84,54	6,7,66,95	-,-,-,-
chr2_subset	114323	T	139,109,10	11,40,139	-,-,+
chr2_subset	114348	C	134,35	15,114	-,+
chr2_subset	114463	A	111	38	-
chr2_subset	114521	T	42	108	-
chr2_subset	114568	G	89,26,25	61,124,125	-,+,+
chr2_subset	114650	A	108,107,62,61,0	42,43,88,89,148	+,+,-,+,+
chr2_subset	114695	C	107,45,31	43,103,119	-,+,-
chr2_subset	114704	C	116,115,54,40,37,0	34,35,94,110,113,150	-,+,+,-,+,+
chr2_subset	114766	C	116,102,99,62,57,41,9	32,48,51,88,90,109,141	+,-,+,+,-,-,+
chr2_subset	114851	T	147,142,126,94,84,48,15,2	3,5,24,56,66,100,133,148	+,-,-,+,-,+,+,-
chr2_subset	114870	C	145,113,103,67,34,21	5,37,47,81,114,129	-,+,-,+,+,-
chr2_subset	114924	G	121,88,75,42	27,60,75,107	+,+,-,-
chr2_subset	114974	C	138,92	10,57	+,-
chr2_subset	114982	G	146,133,100	2,17,49	+,-,-
chr2_subset	115033	G	1	148	-
chr2_subset	115035	C	.	.	.
chr2_subset	115180	T	148,143,138,86,57,43	1,7,12,64,93,106	-,+,+,+,+,+
chr2_subset	115589	G	122,119,95,76,60	26,31,53,72,89	+,-,-,-,+
chr2_subset	115650	C	137,121	11,28	-,+
chr2_subset	115976	G	104,47	45,103	+,+
